// Jest Snapshot v1, https://goo.gl/fbAQLP

exports[`Search component Snapshot matchs 1`] = `
<div>
  <mocked
    name="SearchBar"
    props={Object {}}
  />
  <mocked
    name="SearchTable"
    props={Object {}}
  />
</div>
`;
