// Jest Snapshot v1, https://goo.gl/fbAQLP

exports[`SearchTable component Snapshot matchs 1`] = `
<div
  className="SearchTable"
>
  <mocked
    name="Antd Table"
    props={
      Object {
        "columns": Array [
          Object {
            "className": "SearchTableTitle",
            "dataIndex": "title",
            "key": "title",
            "sorter": [Function],
            "title": "Title",
          },
          Object {
            "className": "SearchTableArtist",
            "dataIndex": "artist",
            "key": "artist",
            "sorter": [Function],
            "title": "Artist",
          },
          Object {
            "className": "SearchTableAlbum",
            "dataIndex": "album",
            "key": "album",
            "sorter": [Function],
            "title": "Album title",
          },
          Object {
            "className": "SearchTableRelease",
            "dataIndex": "release",
            "key": "release",
            "render": [Function],
            "sorter": [Function],
            "title": "Release date",
          },
          Object {
            "className": "SearchTableCover",
            "dataIndex": "bigCover",
            "key": "bigCover",
            "render": [Function],
            "title": "Cover",
          },
          Object {
            "className": "SearchTableLenght",
            "dataIndex": "lenght",
            "key": "lenght",
            "render": [Function],
            "sorter": [Function],
            "title": "Lenght",
          },
          Object {
            "className": "SearchTableGenre",
            "dataIndex": "genre",
            "key": "genre",
            "sorter": [Function],
            "title": "Genre",
          },
          Object {
            "className": "SearchTablePrice",
            "dataIndex": "price",
            "key": "price",
            "sorter": [Function],
            "title": "Price",
          },
        ],
        "dataSource": Array [
          Object {
            "album": "Bad",
            "artist": "Michael Jackson",
            "cover": "http://is2.mzstatic.com/image/thumb/Music/v4/05/c4/1c/05c41ca0-b614-a91c-e63e-2fd9a59d19e8/source/60x60bb.jpg",
            "genre": "Pop",
            "key": 559334764,
            "lenght": 257766,
            "price": "1.29 USD",
            "release": "1987-08-31T07:00:00Z",
            "title": "Smooth Criminal",
          },
          Object {
            "album": "Thriller",
            "artist": "Michael Jackson",
            "cover": "http://is4.mzstatic.com/image/thumb/Music/v4/ec/2b/17/ec2b170d-2ecb-50af-02eb-39f0decc2847/source/60x60bb.jpg",
            "genre": "Pop",
            "key": 269573364,
            "lenght": 294188,
            "price": "1.29 USD",
            "release": "1982-11-30T08:00:00Z",
            "title": "Billie Jean",
          },
          Object {
            "album": "The Essential Michael Jackson",
            "artist": "Michael Jackson",
            "cover": "http://is2.mzstatic.com/image/thumb/Music127/v4/8a/65/be/8a65bef2-f23d-e43d-9124-f5e4293513f7/source/60x60bb.jpg",
            "genre": "Pop",
            "key": 159294478,
            "lenght": 320905,
            "price": "1.29 USD",
            "release": "1987-08-31T07:00:00Z",
            "title": "Man In the Mirror",
          },
        ],
        "loading": false,
        "onRow": [Function],
        "pagination": Object {
          "pageSize": 5,
        },
      }
    }
  />
</div>
`;
