// Jest Snapshot v1, https://goo.gl/fbAQLP

exports[`Detail component Snapshot matchs 1`] = `
<div>
  <a
    href="/"
    onClick={[Function]}
  >
    Return to search
  </a>
</div>
`;
