// Jest Snapshot v1, https://goo.gl/fbAQLP

exports[`Search component Snapshot matchs 1`] = `
<div>
  <a
    href="/detail"
    onClick={[Function]}
  >
    Go to detail
  </a>
</div>
`;
